[alpha1-10be6.web.app/index.html]
[backblue.gif]
[fade.gif]
[index.html]
[fonts.googleapis.com/index.html]
[alpha1-10be6.web.app/css/variables.css]
[alpha1-10be6.web.app/css/base.css]
[alpha1-10be6.web.app/css/components.css]
[alpha1-10be6.web.app/css/login.css]
[www.gstatic.com/firebasejs/10.12.0/firebase-app-compat.js]
[www.gstatic.com/firebasejs/10.12.0/firebase-firestore-compat.js]
[alpha1-10be6.web.app/js/firebase-config.js]
[alpha1-10be6.web.app/js/auth.js]
[alpha1-10be6.web.app/index.html]
[alpha1-10be6.web.app/dashboard.html]
[fonts.googleapis.com/index.html]
[fonts.gstatic.com/index.html]
[fonts.gstatic.com/s/inter/v20/UcCO3FwrK3iLTeHuS_nVMrMxCp50SjIw2boKoduKmMEVuLyfMZg.ttf]
[fonts.gstatic.com/s/inter/v20/UcCO3FwrK3iLTeHuS_nVMrMxCp50SjIw2boKoduKmMEVuI6fMZg.ttf]
[fonts.gstatic.com/s/inter/v20/UcCO3FwrK3iLTeHuS_nVMrMxCp50SjIw2boKoduKmMEVuGKYMZg.ttf]
[fonts.googleapis.com/css2fb67.css]
[alpha1-10be6.web.app/css/variables.css]
[alpha1-10be6.web.app/css/base.css]
[alpha1-10be6.web.app/css/components.css]
[alpha1-10be6.web.app/css/login.css]
[fonts.gstatic.com/s/inter/v20/UcCO3FwrK3iLTeHuS_nVMrMxCp50SjIw2boKoduKmMEVuFuYMZg.ttf]
[alpha1-10be6.web.app/css/dashboard.css]
[alpha1-10be6.web.app/css/ai-chat.css]
[alpha1-10be6.web.app/css/alpha-eon.css]
[alpha1-10be6.web.app/alpha1-viz.html]
[alpha1-10be6.web.app/js/doctor-helper.js]
[alpha1-10be6.web.app/js/patients.js]
[alpha1-10be6.web.app/js/charts.js]
[alpha1-10be6.web.app/js/ai-chat.js]
[alpha1-10be6.web.app/dashboard.html]
[alpha1-10be6.web.app/js/dashboard-app.js]
[alpha1-10be6.web.app/js/alpha-eon.js]
[fonts.gstatic.com/s/jetbrainsmono/v24/tDbY2o-flEEny0FZhsfKu5WU4zr3E_BX0PnT8RD8yKxjPQ.ttf]
[fonts.googleapis.com/css25fc8.css]
[alpha1-10be6.web.app/css/dashboard.css]
[alpha1-10be6.web.app/css/ai-chat.css]
[fonts.gstatic.com/s/jetbrainsmono/v24/tDbY2o-flEEny0FZhsfKu5WU4zr3E_BX0PnT8RD8L6tjPQ.ttf]
[alpha1-10be6.web.app/css/alpha-eon.css]
[alpha1-10be6.web.app/alpha1-viz.html]
[fonts.gstatic.com/s/orbitron/v35/yMJMMIlzdpvBhQQL_SC3X9yhF25-T1nyGy6xpg.ttf]
[fonts.gstatic.com/s/orbitron/v35/yMJMMIlzdpvBhQQL_SC3X9yhF25-T1nyKS6xpg.ttf]
[fonts.googleapis.com/css2722c.css]
[fonts.gstatic.com/s/orbitron/v35/yMJMMIlzdpvBhQQL_SC3X9yhF25-T1ny_Cmxpg.ttf]
[fonts.googleapis.com/css2d810.css]
[fonts.gstatic.com/s/orbitron/v35/yMJMMIlzdpvBhQQL_SC3X9yhF25-T1nysimxpg.ttf]
